// Jest Snapshot v1, https://goo.gl/fbAQLP

exports[`parseFile should fail on reserved keyword 1`] = `
"/Users/ylakhdar/Repos/push-api-client.js/src/__stub__/jsondocuments/brokenBatch.json is not a valid JSON: Document contains an invalid value for title: value is required.
Document in error:
{
  "DocumentId": "https://www.example.com/bar",
  "Broken_title": "Bar"
}

Helpful links on the expected JSON format:
 • JSON file example: https://github.com/coveo/push-api-client.js/tree/main/samples/json
 • Document Body reference: https://docs.coveo.com/en/75#documentbody"
`;

exports[`parseFile should fail on unsupported metadata key 1`] = `
"
The following field names are still invalid after transformation:
  • <empty field name> --> <empty field name>
  • 0invalid-field --> 0invalid-field
  • poster-a --> poster-a

Field names can only contain lowercase letters (a-z), numbers (0-9), and underscores. Field names must be at least one character long and must start with a lowercase letter.
    "
`;
